# TUNE_VERSION	17
# TUNE_RUN_SPEED	618
# TUNE_RUN_ACCEL	51
# TUNE_RUN_FRICTION	122
# TUNE_TURN_RATE	1092
# TUNE_JUMP_IMPULSE	1146
# TUNE_GRAVITY	71
# TUNE_AIR_CONTROL	34
top_speed	9.053	u/s
ticks_to_90pct	11	ticks
ramp_distance	0.822	u
stop_distance	0.308	u
stop_ticks	6	ticks
turn180_ticks	1	ticks
turn90_ticks	1	ticks
turn_radius	0.151	u
jump_apex	2.119	u
jump_airtime	31	ticks
runjump_distance	4.828	u
runjump_airtime	31	ticks
traverse_ticks	104	ticks
